
> ridemart@0.1.0 build
> react-scripts build

node.exe : (node:13500) [DEP0176] 
DeprecationWarning: fs.F_OK is deprecated, use 
fs.constants.F_OK instead
At line:1 char:1
+ & "C:\Program Files\nodejs/node.exe" "C:\Program 
Files\nodejs/node_mo ...
+ ~~~~~~~~~~~~~~~~~~~~~~~~~~~~~~~~~~~~~~~~~~~~~~~~~~
~~~~~~~~~~~~~~~~~~~
    + CategoryInfo          : NotSpecified: ((node: 
   13500) [D...ts.F_OK instead:String) [], RemoteE  
  xception
    + FullyQualifiedErrorId : NativeCommandError
 
(Use `node --trace-deprecation ...` to show where 
the warning was created)
Creating an optimized production build...
Compiled with warnings.

[eslint] 
src\components\Footer.js
  Line 3:10:  'FaFacebook' is defined but never used  no-unused-vars
  Line 3:22:  'FaTwitter' is defined but never used   no-unused-vars

src\pages\AdminLogin.js
  Line 5:67:  'FaCheckCircle' is defined but never used  no-unused-vars

src\pages\AdminPanel.js
  Line 4:28:     'TYPE_IMAGE_POOLS' is defined but never used                                   no-unused-vars
  Line 1237:23:  Function declared in a loop contains unsafe references to variable(s) 'fixed'  no-loop-func

src\pages\Profile.js
  Line 7:98:  'FaShieldAlt' is defined but never used  no-unused-vars

Search for the keywords to learn more about each warning.
To ignore, add // eslint-disable-next-line to the line before.

File sizes after gzip:

  248.47 kB  build\static\js\main.8f116313.js
  113.8 kB   build\static\js\549.388bd3b7.chunk.js
  15.23 kB   build\static\css\main.9652f0b2.css
  1.72 kB    build\static\js\997.120647ff.chunk.js
  734 B      build\static\css\997.1451a117.chunk.css

The project was built assuming it is hosted at /.
You can control this with the homepage field in your package.json.

The build folder is ready to be deployed.
You may serve it with a static server:

  npm install -g serve
  serve -s build

Find out more about deployment here:

  https://cra.link/deployment

